# Kubeconfig file for Istio CNI plugin.
apiVersion: v1
kind: Config
clusters:
- name: local
  cluster:
    server: https://[10.110.0.1]:443
    certificate-authority-data: LS0tLS1CRUdJTiBDRVJUSUZJQ0FURS0tLS0tCk1JSUN5RENDQWJDZ0F3SUJBZ0lCQURBTkJna3Foa2lHOXcwQkFRc0ZBREFWTVJNd0VRWURWUVFERXdwcmRXSmwKY201bGRHVnpNQjRYRFRFNE1EZ3dOekF6TVRNek1Wb1hEVEk0TURnd05EQXpNVE16TVZvd0ZURVRNQkVHQTFVRQpBeE1LYTNWaVpYSnVaWFJsY3pDQ0FTSXdEUVlKS29aSWh2Y05BUUVCQlFBRGdnRVBBRENDQVFvQ2dnRUJBTmc4CkxYWWtOMi96LzJobHUxSVc2ZHdXR1lHM3JpZFI3bXFoQjVtZWZBRjdaNzFNTXJYUVJFNUhSRlppd2tLWlB2RHkKRzEzZGIwVUxJWWRYU000dkNiOFpjU2RGWlVCM2ZjOWVMUjViWG54Sksxby93ZU50ZU5ibEZIUktoYUFqSk5pRwoyUU0xM2VDb25GYXdUWU45SEFqS1VCS3orTUM4UzBuU2RYeTB6d0E4TGhvRGhiUzA1Tk8yV2RHamx4b2FQUjliCllVblh1QzNYbkYva0FnTVpNMjhPK1ZjQ1dmUXN5eWc3NEJJMTI5TEtESVNCTit0Z0pqMDdidnl0aWNtZU5sODQKZDFqVHBqTytEVWRjaXhMNlFhQnk0dkh0TWlNMWl6VU1uWHRWcEluTnpjbzhxaHBxVEV1NkpxNEhLLzdHMU9SagozdU1Xd3krWXE0U1ZjOUlDazFVQ0F3RUFBYU1qTUNFd0RnWURWUjBQQVFIL0JBUURBZ0trTUE4R0ExVWRFd0VCCi93UUZNQU1CQWY4d0RRWUpLb1pJaHZjTkFRRUxCUUFEZ2dFQkFKQytBb3g3VEhKdWNqNEpCZWJOZmJyeGxaUjYKS0hRZ1N6cUg3MTFhbjYzdHM1QUcvVHM0Zm1hWlpSdjV1TEFFSXkyUUY5bW13bWdQUkJBYkM4cEJBVU1BNVhNOQpKRkRQTVRhaVlDZXhaRS9IZm8vVS81MEIwbDNIa3hQVCsrOHROZ0FvRm5tbFhqUzR4Q2JwelM5dFlRdVJ2UnJIClJPcVo4Smg3bStMUlNLZjNWQVBwSERqSUU0ZVYrYnZqZFhZRjMzNHVqcmFKWTB5NlFoOW1GZ01nOFRGWkh6Y3UKUXN4L01FMG14NklzMFFTRGxqNFFRSGQzWk5ZQ01Fb3ZwczNjYmFGS2xMbXdsRlZWTFJWS1Jac1FOSk9LUisrNQpoUzRncXVaRUxiNnl5MTZNNEU1K3NmZUhxQ0RnN3psQU15WFB6WmxxNWdWZ245OE1WanJXbEVHNVJSRT0KLS0tLS1FTkQgQ0VSVElGSUNBVEUtLS0tLQo=
users:
- name: istio-cni
  user:
    token: "eyJhbGciOiJSUzI1NiIsImtpZCI6IiJ9.eyJpc3MiOiJrdWJlcm5ldGVzL3NlcnZpY2VhY2NvdW50Iiwia3ViZXJuZXRlcy5pby9zZXJ2aWNlYWNjb3VudC9uYW1lc3BhY2UiOiJrdWJlLXN5c3RlbSIsImt1YmVybmV0ZXMuaW8vc2VydmljZWFjY291bnQvc2VjcmV0Lm5hbWUiOiJpc3Rpby1jbmktdG9rZW4tcGpwYnciLCJrdWJlcm5ldGVzLmlvL3NlcnZpY2VhY2NvdW50L3NlcnZpY2UtYWNjb3VudC5uYW1lIjoiaXN0aW8tY25pIiwia3ViZXJuZXRlcy5pby9zZXJ2aWNlYWNjb3VudC9zZXJ2aWNlLWFjY291bnQudWlkIjoiZmY2MDY0ODAtY2MxMC0xMWU4LTkxYzctMDAwYWY3MGE5YmE4Iiwic3ViIjoic3lzdGVtOnNlcnZpY2VhY2NvdW50Omt1YmUtc3lzdGVtOmlzdGlvLWNuaSJ9.0YHfuEwYn6tbtgy1YOhOjEtuQ8TnvmA_1RkuggfVGigMpCMGoOkIWwxpeDVXZm7dNwRmQVwLhchA3MeXz0QGRmStLa-VncedkmPOGSC-FyPvPybhZI53w3nhIVU3Vkh9_s-E2H2zFTwRQthxlDAlldNqEHpM9fINIVs0Z3bAogz2DYHwerSOtfZU-6d8b5nn73gnNhl6zBJ_0qg22SZjc6TrDYk--WwjUbU5_OIW6YxEmFnNVqfSeCrpg18IiJCsB0XRkixgu46Ev63jsrJ1vi41PVvBN79X7F-SiNNwTqwACRZvlX1zRw_GV7o4iPvnKn685WLOyMfoB5K6hSxrpQ"
contexts:
- name: istio-cni-context
  context:
    cluster: local
    user: istio-cni
current-context: istio-cni-context
